// Jest Snapshot v1, https://goo.gl/fbAQLP

exports[`LoadingButton Tests LoadingButton snapshot should render correctly 1`] = `
{
  "asFragment": [Function],
  "baseElement": <body>
    <div>
      <button
        class="loading-button"
        style="background-color: rgb(90, 208, 109);"
        type="button"
      >
        <span
          class="loading-button-label"
        >
          Loading Test
        </span>
        <span
          class="loading-button-spinner"
          style="display: inherit; position: relative; width: 20.57142857142857px; height: 20.57142857142857px; animation: react-spinners-MoonLoader-moon 0.6s 0s infinite linear; animation-fill-mode: forwards;"
        >
          <span
            style="width: 2.2857142857142856px; height: 2.2857142857142856px; border-radius: 100%; background-color: rgb(255, 255, 255); opacity: 0.8; position: absolute; top: 6.857142857142858px; animation: react-spinners-MoonLoader-moon 0.6s 0s infinite linear; animation-fill-mode: forwards;"
          />
          <span
            style="width: 16px; height: 16px; border-radius: 100%; border: 2.2857142857142856px solid #fff; opacity: 0.1; box-sizing: content-box; position: absolute;"
          />
        </span>
      </button>
    </div>
  </body>,
  "container": <div>
    <button
      class="loading-button"
      style="background-color: rgb(90, 208, 109);"
      type="button"
    >
      <span
        class="loading-button-label"
      >
        Loading Test
      </span>
      <span
        class="loading-button-spinner"
        style="display: inherit; position: relative; width: 20.57142857142857px; height: 20.57142857142857px; animation: react-spinners-MoonLoader-moon 0.6s 0s infinite linear; animation-fill-mode: forwards;"
      >
        <span
          style="width: 2.2857142857142856px; height: 2.2857142857142856px; border-radius: 100%; background-color: rgb(255, 255, 255); opacity: 0.8; position: absolute; top: 6.857142857142858px; animation: react-spinners-MoonLoader-moon 0.6s 0s infinite linear; animation-fill-mode: forwards;"
        />
        <span
          style="width: 16px; height: 16px; border-radius: 100%; border: 2.2857142857142856px solid #fff; opacity: 0.1; box-sizing: content-box; position: absolute;"
        />
      </span>
    </button>
  </div>,
  "debug": [Function],
  "findAllByAltText": [Function],
  "findAllByDisplayValue": [Function],
  "findAllByLabelText": [Function],
  "findAllByPlaceholderText": [Function],
  "findAllByRole": [Function],
  "findAllByTestId": [Function],
  "findAllByText": [Function],
  "findAllByTitle": [Function],
  "findByAltText": [Function],
  "findByDisplayValue": [Function],
  "findByLabelText": [Function],
  "findByPlaceholderText": [Function],
  "findByRole": [Function],
  "findByTestId": [Function],
  "findByText": [Function],
  "findByTitle": [Function],
  "getAllByAltText": [Function],
  "getAllByDisplayValue": [Function],
  "getAllByLabelText": [Function],
  "getAllByPlaceholderText": [Function],
  "getAllByRole": [Function],
  "getAllByTestId": [Function],
  "getAllByText": [Function],
  "getAllByTitle": [Function],
  "getByAltText": [Function],
  "getByDisplayValue": [Function],
  "getByLabelText": [Function],
  "getByPlaceholderText": [Function],
  "getByRole": [Function],
  "getByTestId": [Function],
  "getByText": [Function],
  "getByTitle": [Function],
  "queryAllByAltText": [Function],
  "queryAllByDisplayValue": [Function],
  "queryAllByLabelText": [Function],
  "queryAllByPlaceholderText": [Function],
  "queryAllByRole": [Function],
  "queryAllByTestId": [Function],
  "queryAllByText": [Function],
  "queryAllByTitle": [Function],
  "queryByAltText": [Function],
  "queryByDisplayValue": [Function],
  "queryByLabelText": [Function],
  "queryByPlaceholderText": [Function],
  "queryByRole": [Function],
  "queryByTestId": [Function],
  "queryByText": [Function],
  "queryByTitle": [Function],
  "rerender": [Function],
  "unmount": [Function],
}
`;
