// Jest Snapshot v1, https://goo.gl/fbAQLP

exports[`FormSelect Tests FormSelect snapshot should render correctly 1`] = `
{
  "asFragment": [Function],
  "baseElement": <body>
    <div />
    <div>
      <div
        class="form-select-container"
      >
        <div
          class="form-select-inner-container"
        >
          <div
            class="form-select-label-no-opt"
          >
            Test Label
            <span
              class="form-select-error"
            >
               (Test Error)
            </span>
          </div>
          <select
            class="form-select"
            name="name"
          >
            <option
              class="form-select-option"
              value=""
            />
            <option
              class="form-select-option"
              value="test1"
            >
              test1
            </option>
            <option
              class="form-select-option"
              value="test2"
            >
              test2
            </option>
          </select>
        </div>
      </div>
    </div>
  </body>,
  "container": <div>
    <div
      class="form-select-container"
    >
      <div
        class="form-select-inner-container"
      >
        <div
          class="form-select-label-no-opt"
        >
          Test Label
          <span
            class="form-select-error"
          >
             (Test Error)
          </span>
        </div>
        <select
          class="form-select"
          name="name"
        >
          <option
            class="form-select-option"
            value=""
          />
          <option
            class="form-select-option"
            value="test1"
          >
            test1
          </option>
          <option
            class="form-select-option"
            value="test2"
          >
            test2
          </option>
        </select>
      </div>
    </div>
  </div>,
  "debug": [Function],
  "findAllByAltText": [Function],
  "findAllByDisplayValue": [Function],
  "findAllByLabelText": [Function],
  "findAllByPlaceholderText": [Function],
  "findAllByRole": [Function],
  "findAllByTestId": [Function],
  "findAllByText": [Function],
  "findAllByTitle": [Function],
  "findByAltText": [Function],
  "findByDisplayValue": [Function],
  "findByLabelText": [Function],
  "findByPlaceholderText": [Function],
  "findByRole": [Function],
  "findByTestId": [Function],
  "findByText": [Function],
  "findByTitle": [Function],
  "getAllByAltText": [Function],
  "getAllByDisplayValue": [Function],
  "getAllByLabelText": [Function],
  "getAllByPlaceholderText": [Function],
  "getAllByRole": [Function],
  "getAllByTestId": [Function],
  "getAllByText": [Function],
  "getAllByTitle": [Function],
  "getByAltText": [Function],
  "getByDisplayValue": [Function],
  "getByLabelText": [Function],
  "getByPlaceholderText": [Function],
  "getByRole": [Function],
  "getByTestId": [Function],
  "getByText": [Function],
  "getByTitle": [Function],
  "queryAllByAltText": [Function],
  "queryAllByDisplayValue": [Function],
  "queryAllByLabelText": [Function],
  "queryAllByPlaceholderText": [Function],
  "queryAllByRole": [Function],
  "queryAllByTestId": [Function],
  "queryAllByText": [Function],
  "queryAllByTitle": [Function],
  "queryByAltText": [Function],
  "queryByDisplayValue": [Function],
  "queryByLabelText": [Function],
  "queryByPlaceholderText": [Function],
  "queryByRole": [Function],
  "queryByTestId": [Function],
  "queryByText": [Function],
  "queryByTitle": [Function],
  "rerender": [Function],
  "unmount": [Function],
}
`;
