// Jest Snapshot v1, https://goo.gl/fbAQLP

exports[`AddClassModal Tests AddClassModal snapshot should render correctly 1`] = `
{
  "asFragment": [Function],
  "baseElement": <body>
    <div>
      <div
        class="add-class-backdrop"
      >
        <form
          class="add-class-container"
        >
          <div
            class="add-class-top-section"
          >
            <div
              class="add-class-title"
            >
              Add Class
            </div>
            <button
              aria-label="close-button"
              class="add-class-cancel-button"
              type="button"
            >
              <svg
                aria-hidden="true"
                class="svg-inline--fa fa-circle-xmark add-class-cancel-button-icon"
                data-icon="circle-xmark"
                data-prefix="fas"
                focusable="false"
                role="img"
                viewBox="0 0 512 512"
                xmlns="http://www.w3.org/2000/svg"
              >
                <path
                  d="M256 512A256 256 0 1 0 256 0a256 256 0 1 0 0 512zM175 175c9.4-9.4 24.6-9.4 33.9 0l47 47 47-47c9.4-9.4 24.6-9.4 33.9 0s9.4 24.6 0 33.9l-47 47 47 47c9.4 9.4 9.4 24.6 0 33.9s-24.6 9.4-33.9 0l-47-47-47 47c-9.4 9.4-24.6 9.4-33.9 0s-9.4-24.6 0-33.9l47-47-47-47c-9.4-9.4-9.4-24.6 0-33.9z"
                  fill="currentColor"
                />
              </svg>
            </button>
          </div>
          <div>
            <div
              class="form-input-container"
            >
              <div
                class="form-input-inner-container"
              >
                <div
                  class="form-input-label-opt"
                >
                  Class Name
                </div>
                <input
                  class="form-input"
                  name="name"
                  placeholder="Class Name"
                  type="text"
                  value=""
                />
              </div>
            </div>
            <div
              class="form-select-container"
            >
              <div
                class="form-select-inner-container"
              >
                <div
                  class="form-select-label-opt"
                >
                  Teacher
                </div>
                <select
                  class="form-select"
                  name="teacherId"
                >
                  <option
                    class="form-select-option"
                    selected=""
                    value="12345"
                  >
                    John Doe
                  </option>
                </select>
              </div>
            </div>
            <div
              class="add-class-submit-container"
            >
              <div
                class="add-class-submit-inner-container"
              >
                <button
                  class="loading-button"
                  style="background-color: rgb(90, 208, 109);"
                  type="submit"
                >
                  <span
                    class="loading-button-label"
                  >
                    Add Class
                  </span>
                  <svg
                    aria-hidden="true"
                    class="svg-inline--fa fa-circle-plus loading-button-spinner"
                    data-icon="circle-plus"
                    data-prefix="fas"
                    focusable="false"
                    role="img"
                    viewBox="0 0 512 512"
                    xmlns="http://www.w3.org/2000/svg"
                  >
                    <path
                      d="M256 512A256 256 0 1 0 256 0a256 256 0 1 0 0 512zM232 344V280H168c-13.3 0-24-10.7-24-24s10.7-24 24-24h64V168c0-13.3 10.7-24 24-24s24 10.7 24 24v64h64c13.3 0 24 10.7 24 24s-10.7 24-24 24H280v64c0 13.3-10.7 24-24 24s-24-10.7-24-24z"
                      fill="currentColor"
                    />
                  </svg>
                </button>
              </div>
            </div>
          </div>
        </form>
      </div>
    </div>
  </body>,
  "container": <div>
    <div
      class="add-class-backdrop"
    >
      <form
        class="add-class-container"
      >
        <div
          class="add-class-top-section"
        >
          <div
            class="add-class-title"
          >
            Add Class
          </div>
          <button
            aria-label="close-button"
            class="add-class-cancel-button"
            type="button"
          >
            <svg
              aria-hidden="true"
              class="svg-inline--fa fa-circle-xmark add-class-cancel-button-icon"
              data-icon="circle-xmark"
              data-prefix="fas"
              focusable="false"
              role="img"
              viewBox="0 0 512 512"
              xmlns="http://www.w3.org/2000/svg"
            >
              <path
                d="M256 512A256 256 0 1 0 256 0a256 256 0 1 0 0 512zM175 175c9.4-9.4 24.6-9.4 33.9 0l47 47 47-47c9.4-9.4 24.6-9.4 33.9 0s9.4 24.6 0 33.9l-47 47 47 47c9.4 9.4 9.4 24.6 0 33.9s-24.6 9.4-33.9 0l-47-47-47 47c-9.4 9.4-24.6 9.4-33.9 0s-9.4-24.6 0-33.9l47-47-47-47c-9.4-9.4-9.4-24.6 0-33.9z"
                fill="currentColor"
              />
            </svg>
          </button>
        </div>
        <div>
          <div
            class="form-input-container"
          >
            <div
              class="form-input-inner-container"
            >
              <div
                class="form-input-label-opt"
              >
                Class Name
              </div>
              <input
                class="form-input"
                name="name"
                placeholder="Class Name"
                type="text"
                value=""
              />
            </div>
          </div>
          <div
            class="form-select-container"
          >
            <div
              class="form-select-inner-container"
            >
              <div
                class="form-select-label-opt"
              >
                Teacher
              </div>
              <select
                class="form-select"
                name="teacherId"
              >
                <option
                  class="form-select-option"
                  selected=""
                  value="12345"
                >
                  John Doe
                </option>
              </select>
            </div>
          </div>
          <div
            class="add-class-submit-container"
          >
            <div
              class="add-class-submit-inner-container"
            >
              <button
                class="loading-button"
                style="background-color: rgb(90, 208, 109);"
                type="submit"
              >
                <span
                  class="loading-button-label"
                >
                  Add Class
                </span>
                <svg
                  aria-hidden="true"
                  class="svg-inline--fa fa-circle-plus loading-button-spinner"
                  data-icon="circle-plus"
                  data-prefix="fas"
                  focusable="false"
                  role="img"
                  viewBox="0 0 512 512"
                  xmlns="http://www.w3.org/2000/svg"
                >
                  <path
                    d="M256 512A256 256 0 1 0 256 0a256 256 0 1 0 0 512zM232 344V280H168c-13.3 0-24-10.7-24-24s10.7-24 24-24h64V168c0-13.3 10.7-24 24-24s24 10.7 24 24v64h64c13.3 0 24 10.7 24 24s-10.7 24-24 24H280v64c0 13.3-10.7 24-24 24s-24-10.7-24-24z"
                    fill="currentColor"
                  />
                </svg>
              </button>
            </div>
          </div>
        </div>
      </form>
    </div>
  </div>,
  "debug": [Function],
  "findAllByAltText": [Function],
  "findAllByDisplayValue": [Function],
  "findAllByLabelText": [Function],
  "findAllByPlaceholderText": [Function],
  "findAllByRole": [Function],
  "findAllByTestId": [Function],
  "findAllByText": [Function],
  "findAllByTitle": [Function],
  "findByAltText": [Function],
  "findByDisplayValue": [Function],
  "findByLabelText": [Function],
  "findByPlaceholderText": [Function],
  "findByRole": [Function],
  "findByTestId": [Function],
  "findByText": [Function],
  "findByTitle": [Function],
  "getAllByAltText": [Function],
  "getAllByDisplayValue": [Function],
  "getAllByLabelText": [Function],
  "getAllByPlaceholderText": [Function],
  "getAllByRole": [Function],
  "getAllByTestId": [Function],
  "getAllByText": [Function],
  "getAllByTitle": [Function],
  "getByAltText": [Function],
  "getByDisplayValue": [Function],
  "getByLabelText": [Function],
  "getByPlaceholderText": [Function],
  "getByRole": [Function],
  "getByTestId": [Function],
  "getByText": [Function],
  "getByTitle": [Function],
  "queryAllByAltText": [Function],
  "queryAllByDisplayValue": [Function],
  "queryAllByLabelText": [Function],
  "queryAllByPlaceholderText": [Function],
  "queryAllByRole": [Function],
  "queryAllByTestId": [Function],
  "queryAllByText": [Function],
  "queryAllByTitle": [Function],
  "queryByAltText": [Function],
  "queryByDisplayValue": [Function],
  "queryByLabelText": [Function],
  "queryByPlaceholderText": [Function],
  "queryByRole": [Function],
  "queryByTestId": [Function],
  "queryByText": [Function],
  "queryByTitle": [Function],
  "rerender": [Function],
  "unmount": [Function],
}
`;
